[37196:49932:0812/010356.877:WARNING:kernel_parameter_setter.cc(150)] [KernelParameterSetter] NotifyDoublePinyinSchemeChanged failed, scheme=Sogou status=1
[47340:10052:0812/010356.877:WARNING:kernel_parameter_setter.cc(150)] [KernelParameterSetter] NotifyDoublePinyinSchemeChanged failed, scheme=Sogou status=1
[14980:50068:0812/010356.877:WARNING:kernel_parameter_setter.cc(150)] [KernelParameterSetter] NotifyDoublePinyinSchemeChanged failed, scheme=Sogou status=1
[37892:56992:0812/010356.877:WARNING:kernel_parameter_setter.cc(150)] [KernelParameterSetter] NotifyDoublePinyinSchemeChanged failed, scheme=Sogou status=1
[76188:44572:0812/010356.877:WARNING:kernel_parameter_setter.cc(150)] [KernelParameterSetter] NotifyDoublePinyinSchemeChanged failed, scheme=Sogou status=1
[71188:73312:0812/010356.877:WARNING:kernel_parameter_setter.cc(150)] [KernelParameterSetter] NotifyDoublePinyinSchemeChanged failed, scheme=Sogou status=1
[39888:47912:0812/010356.877:WARNING:kernel_parameter_setter.cc(150)] [KernelParameterSetter] NotifyDoublePinyinSchemeChanged failed, scheme=Sogou status=1
[5972:716:0812/010356.878:WARNING:kernel_parameter_setter.cc(150)] [KernelParameterSetter] NotifyDoublePinyinSchemeChanged failed, scheme=Sogou status=1
[64120:33028:0812/010356.879:WARNING:kernel_parameter_setter.cc(150)] [KernelParameterSetter] NotifyDoublePinyinSchemeChanged failed, scheme=Sogou status=1
[14980:50068:0812/010356.879:WARNING:t_skinfilemap.cpp(56)] SGRenderLog:CheckUpdate newMem.OpenMem failed, szNewMem:Local\sgime_skin.v21.filemap.sogouime err:系统错误2: 系统找不到指定的文件。  
打开Filemap失败: Local\sgime_skin.v21.filemap.sogouime477741e1107
[14980:50068:0812/010356.879:WARNING:t_skinfilemap.cpp(65)] SGRenderLog:CheckUpdate finish: old version:1
[14980:50068:0812/010356.879:WARNING:t_skinfilemap.cpp(67)] SGRenderLog:CheckUpdate finish: new version:21
[76188:44572:0812/010356.879:WARNING:t_skinfilemap.cpp(56)] SGRenderLog:CheckUpdate newMem.OpenMem failed, szNewMem:Local\sgime_skin.v21.filemap.sogouime err:系统错误2: 系统找不到指定的文件。  
打开Filemap失败: Local\sgime_skin.v21.filemap.sogouime477741e1107
[76188:44572:0812/010356.879:WARNING:t_skinfilemap.cpp(65)] SGRenderLog:CheckUpdate finish: old version:1
[76188:44572:0812/010356.879:WARNING:t_skinfilemap.cpp(67)] SGRenderLog:CheckUpdate finish: new version:21
[47340:10052:0812/010356.879:WARNING:t_skinfilemap.cpp(56)] SGRenderLog:CheckUpdate newMem.OpenMem failed, szNewMem:Local\sgime_skin.v21.filemap.sogouime err:系统错误2: 系统找不到指定的文件。  
打开Filemap失败: Local\sgime_skin.v21.filemap.sogouime477741e1107
[47340:10052:0812/010356.879:WARNING:t_skinfilemap.cpp(65)] SGRenderLog:CheckUpdate finish: old version:1
[47340:10052:0812/010356.879:WARNING:t_skinfilemap.cpp(67)] SGRenderLog:CheckUpdate finish: new version:21
[37892:56992:0812/010356.879:WARNING:t_skinfilemap.cpp(56)] SGRenderLog:CheckUpdate newMem.OpenMem failed, szNewMem:Local\sgime_skin.v21.filemap.sogouime err:系统错误2: 系统找不到指定的文件。  
打开Filemap失败: Local\sgime_skin.v21.filemap.sogouime477741e1107
[37892:56992:0812/010356.879:WARNING:t_skinfilemap.cpp(65)] SGRenderLog:CheckUpdate finish: old version:1
[37892:56992:0812/010356.879:WARNING:t_skinfilemap.cpp(67)] SGRenderLog:CheckUpdate finish: new version:21
[39888:47912:0812/010356.879:WARNING:t_skinfilemap.cpp(56)] SGRenderLog:CheckUpdate newMem.OpenMem failed, szNewMem:Local\sgime_skin.v21.filemap.sogouime err:系统错误2: 系统找不到指定的文件。  
打开Filemap失败: Local\sgime_skin.v21.filemap.sogouime477741e1107
[39888:47912:0812/010356.879:WARNING:t_skinfilemap.cpp(65)] SGRenderLog:CheckUpdate finish: old version:1
[39888:47912:0812/010356.879:WARNING:t_skinfilemap.cpp(67)] SGRenderLog:CheckUpdate finish: new version:21
[71188:73312:0812/010356.879:WARNING:t_skinfilemap.cpp(56)] SGRenderLog:CheckUpdate newMem.OpenMem failed, szNewMem:Local\sgime_skin.v21.filemap.sogouime err:系统错误2: 系统找不到指定的文件。  
打开Filemap失败: Local\sgime_skin.v21.filemap.sogouime477741e1107
[71188:73312:0812/010356.879:WARNING:t_skinfilemap.cpp(65)] SGRenderLog:CheckUpdate finish: old version:1
[71188:73312:0812/010356.879:WARNING:t_skinfilemap.cpp(67)] SGRenderLog:CheckUpdate finish: new version:21
[37196:49932:0812/010356.879:WARNING:t_skinfilemap.cpp(56)] SGRenderLog:CheckUpdate newMem.OpenMem failed, szNewMem:Local\sgime_skin.v21.filemap.sogouime err:系统错误2: 系统找不到指定的文件。  
打开Filemap失败: Local\sgime_skin.v21.filemap.sogouime477741e1107
[37196:49932:0812/010356.879:WARNING:t_skinfilemap.cpp(65)] SGRenderLog:CheckUpdate finish: old version:1
[37196:49932:0812/010356.879:WARNING:t_skinfilemap.cpp(67)] SGRenderLog:CheckUpdate finish: new version:21
[5972:716:0812/010356.880:WARNING:t_skinfilemap.cpp(56)] SGRenderLog:CheckUpdate newMem.OpenMem failed, szNewMem:Local\sgime_skin.v21.filemap.sogouime err:系统错误2: 系统找不到指定的文件。  
打开Filemap失败: Local\sgime_skin.v21.filemap.sogouime477741e1107
[5972:716:0812/010356.880:WARNING:t_skinfilemap.cpp(65)] SGRenderLog:CheckUpdate finish: old version:1
[5972:716:0812/010356.880:WARNING:t_skinfilemap.cpp(67)] SGRenderLog:CheckUpdate finish: new version:21
[64120:33028:0812/010356.880:WARNING:t_skinfilemap.cpp(56)] SGRenderLog:CheckUpdate newMem.OpenMem failed, szNewMem:Local\sgime_skin.v21.filemap.sogouime err:系统错误2: 系统找不到指定的文件。  
打开Filemap失败: Local\sgime_skin.v21.filemap.sogouime477741e1107
[64120:33028:0812/010356.880:WARNING:t_skinfilemap.cpp(65)] SGRenderLog:CheckUpdate finish: old version:1
[64120:33028:0812/010356.880:WARNING:t_skinfilemap.cpp(67)] SGRenderLog:CheckUpdate finish: new version:21
[47340:10052:0812/010357.130:WARNING:t_skinfilemap.cpp(63)] SGRenderLog:CheckUpdate newMem.OpenMem Suc, szNewMem:Local\sgime_skin.Dpi144.v21.filemap.sogouime
[47340:10052:0812/010357.130:WARNING:t_skinfilemap.cpp(65)] SGRenderLog:CheckUpdate finish: old version:21
[47340:10052:0812/010357.130:WARNING:t_skinfilemap.cpp(67)] SGRenderLog:CheckUpdate finish: new version:21
[37892:56992:0812/010357.130:WARNING:t_skinfilemap.cpp(63)] SGRenderLog:CheckUpdate newMem.OpenMem Suc, szNewMem:Local\sgime_skin.Dpi144.v21.filemap.sogouime
[37892:56992:0812/010357.130:WARNING:t_skinfilemap.cpp(65)] SGRenderLog:CheckUpdate finish: old version:21
[37892:56992:0812/010357.130:WARNING:t_skinfilemap.cpp(67)] SGRenderLog:CheckUpdate finish: new version:21
[76188:44572:0812/010357.130:WARNING:t_skinfilemap.cpp(63)] SGRenderLog:CheckUpdate newMem.OpenMem Suc, szNewMem:Local\sgime_skin.Dpi144.v21.filemap.sogouime
[76188:44572:0812/010357.130:WARNING:t_skinfilemap.cpp(65)] SGRenderLog:CheckUpdate finish: old version:21
[76188:44572:0812/010357.130:WARNING:t_skinfilemap.cpp(67)] SGRenderLog:CheckUpdate finish: new version:21
[5972:716:0812/010357.130:WARNING:t_skinfilemap.cpp(63)] SGRenderLog:CheckUpdate newMem.OpenMem Suc, szNewMem:Local\sgime_skin.Dpi144.v21.filemap.sogouime
[5972:716:0812/010357.130:WARNING:t_skinfilemap.cpp(65)] SGRenderLog:CheckUpdate finish: old version:21
[5972:716:0812/010357.130:WARNING:t_skinfilemap.cpp(67)] SGRenderLog:CheckUpdate finish: new version:21
[37196:49932:0812/010357.130:WARNING:t_skinfilemap.cpp(63)] SGRenderLog:CheckUpdate newMem.OpenMem Suc, szNewMem:Local\sgime_skin.Dpi144.v21.filemap.sogouime
[37196:49932:0812/010357.130:WARNING:t_skinfilemap.cpp(65)] SGRenderLog:CheckUpdate finish: old version:21
[37196:49932:0812/010357.130:WARNING:t_skinfilemap.cpp(67)] SGRenderLog:CheckUpdate finish: new version:21
[71188:73312:0812/010357.139:WARNING:t_skinfilemap.cpp(63)] SGRenderLog:CheckUpdate newMem.OpenMem Suc, szNewMem:Local\sgime_skin.Dpi144.v21.filemap.sogouime
[71188:73312:0812/010357.139:WARNING:t_skinfilemap.cpp(65)] SGRenderLog:CheckUpdate finish: old version:21
[71188:73312:0812/010357.139:WARNING:t_skinfilemap.cpp(67)] SGRenderLog:CheckUpdate finish: new version:21
[14980:50068:0812/010357.139:WARNING:t_skinfilemap.cpp(63)] SGRenderLog:CheckUpdate newMem.OpenMem Suc, szNewMem:Local\sgime_skin.Dpi144.v21.filemap.sogouime
[14980:50068:0812/010357.139:WARNING:t_skinfilemap.cpp(65)] SGRenderLog:CheckUpdate finish: old version:21
[14980:50068:0812/010357.139:WARNING:t_skinfilemap.cpp(67)] SGRenderLog:CheckUpdate finish: new version:21
[64120:33028:0812/010357.139:WARNING:t_skinfilemap.cpp(63)] SGRenderLog:CheckUpdate newMem.OpenMem Suc, szNewMem:Local\sgime_skin.Dpi144.v21.filemap.sogouime
[64120:33028:0812/010357.139:WARNING:t_skinfilemap.cpp(65)] SGRenderLog:CheckUpdate finish: old version:21
[64120:33028:0812/010357.139:WARNING:t_skinfilemap.cpp(67)] SGRenderLog:CheckUpdate finish: new version:21
[39888:47912:0812/010357.139:WARNING:t_skinfilemap.cpp(63)] SGRenderLog:CheckUpdate newMem.OpenMem Suc, szNewMem:Local\sgime_skin.Dpi144.v21.filemap.sogouime
[39888:47912:0812/010357.139:WARNING:t_skinfilemap.cpp(65)] SGRenderLog:CheckUpdate finish: old version:21
[39888:47912:0812/010357.139:WARNING:t_skinfilemap.cpp(67)] SGRenderLog:CheckUpdate finish: new version:21
[55160:25336:0812/010405.552:WARNING:kernel_parameter_setter.cc(150)] [KernelParameterSetter] NotifyDoublePinyinSchemeChanged failed, scheme=Sogou status=1
[74640:44876:0812/010405.552:WARNING:kernel_parameter_setter.cc(150)] [KernelParameterSetter] NotifyDoublePinyinSchemeChanged failed, scheme=Sogou status=1
[55160:25336:0812/010405.552:WARNING:t_skinfilemap.cpp(56)] SGRenderLog:CheckUpdate newMem.OpenMem failed, szNewMem:Local\sgime_skin.v21.filemap.sogouime err:系统错误2: 系统找不到指定的文件。  
打开Filemap失败: Local\sgime_skin.v21.filemap.sogouime477741e1107
[55160:25336:0812/010405.552:WARNING:t_skinfilemap.cpp(65)] SGRenderLog:CheckUpdate finish: old version:1
[55160:25336:0812/010405.552:WARNING:t_skinfilemap.cpp(67)] SGRenderLog:CheckUpdate finish: new version:21
[74640:44876:0812/010405.552:WARNING:t_skinfilemap.cpp(56)] SGRenderLog:CheckUpdate newMem.OpenMem failed, szNewMem:Local\sgime_skin.v21.filemap.sogouime err:系统错误2: 系统找不到指定的文件。  
打开Filemap失败: Local\sgime_skin.v21.filemap.sogouime477741e1107
[74640:44876:0812/010405.552:WARNING:t_skinfilemap.cpp(65)] SGRenderLog:CheckUpdate finish: old version:1
[74640:44876:0812/010405.552:WARNING:t_skinfilemap.cpp(67)] SGRenderLog:CheckUpdate finish: new version:21
[55160:25336:0812/010405.611:WARNING:t_skinfilemap.cpp(63)] SGRenderLog:CheckUpdate newMem.OpenMem Suc, szNewMem:Local\sgime_skin.Dpi144.v21.filemap.sogouime
[55160:25336:0812/010405.611:WARNING:t_skinfilemap.cpp(65)] SGRenderLog:CheckUpdate finish: old version:21
[55160:25336:0812/010405.611:WARNING:t_skinfilemap.cpp(67)] SGRenderLog:CheckUpdate finish: new version:21
[74640:44876:0812/010405.613:WARNING:t_skinfilemap.cpp(63)] SGRenderLog:CheckUpdate newMem.OpenMem Suc, szNewMem:Local\sgime_skin.Dpi144.v21.filemap.sogouime
[74640:44876:0812/010405.613:WARNING:t_skinfilemap.cpp(65)] SGRenderLog:CheckUpdate finish: old version:21
[74640:44876:0812/010405.613:WARNING:t_skinfilemap.cpp(67)] SGRenderLog:CheckUpdate finish: new version:21
[27564:40464:0812/010405.776:WARNING:kernel_parameter_setter.cc(150)] [KernelParameterSetter] NotifyDoublePinyinSchemeChanged failed, scheme=Sogou status=1
[27564:40464:0812/010405.777:WARNING:t_skinfilemap.cpp(56)] SGRenderLog:CheckUpdate newMem.OpenMem failed, szNewMem:Local\sgime_skin.v21.filemap.sogouime err:系统错误2: 系统找不到指定的文件。  
打开Filemap失败: Local\sgime_skin.v21.filemap.sogouime477741e1107
[27564:40464:0812/010405.778:WARNING:t_skinfilemap.cpp(65)] SGRenderLog:CheckUpdate finish: old version:1
[27564:40464:0812/010405.778:WARNING:t_skinfilemap.cpp(67)] SGRenderLog:CheckUpdate finish: new version:21
[27564:40464:0812/010405.836:WARNING:t_skinfilemap.cpp(63)] SGRenderLog:CheckUpdate newMem.OpenMem Suc, szNewMem:Local\sgime_skin.Dpi144.v21.filemap.sogouime
[27564:40464:0812/010405.836:WARNING:t_skinfilemap.cpp(65)] SGRenderLog:CheckUpdate finish: old version:21
[27564:40464:0812/010405.836:WARNING:t_skinfilemap.cpp(67)] SGRenderLog:CheckUpdate finish: new version:21
[35260:52304:0812/010414.834:WARNING:kernel_parameter_setter.cc(150)] [KernelParameterSetter] NotifyDoublePinyinSchemeChanged failed, scheme=Sogou status=1
[36780:32508:0812/010414.834:WARNING:kernel_parameter_setter.cc(150)] [KernelParameterSetter] NotifyDoublePinyinSchemeChanged failed, scheme=Sogou status=1
[36780:32508:0812/010414.836:WARNING:t_skinfilemap.cpp(56)] SGRenderLog:CheckUpdate newMem.OpenMem failed, szNewMem:Local\sgime_skin.v21.filemap.sogouime err:系统错误2: 系统找不到指定的文件。  
打开Filemap失败: Local\sgime_skin.v21.filemap.sogouime477741e1107
[36780:32508:0812/010414.836:WARNING:t_skinfilemap.cpp(65)] SGRenderLog:CheckUpdate finish: old version:1
[36780:32508:0812/010414.836:WARNING:t_skinfilemap.cpp(67)] SGRenderLog:CheckUpdate finish: new version:21
[35260:52304:0812/010414.836:WARNING:t_skinfilemap.cpp(56)] SGRenderLog:CheckUpdate newMem.OpenMem failed, szNewMem:Local\sgime_skin.v21.filemap.sogouime err:系统错误2: 系统找不到指定的文件。  
打开Filemap失败: Local\sgime_skin.v21.filemap.sogouime477741e1107
[35260:52304:0812/010414.836:WARNING:t_skinfilemap.cpp(65)] SGRenderLog:CheckUpdate finish: old version:1
[35260:52304:0812/010414.836:WARNING:t_skinfilemap.cpp(67)] SGRenderLog:CheckUpdate finish: new version:21
[35260:52304:0812/010414.941:WARNING:t_skinfilemap.cpp(63)] SGRenderLog:CheckUpdate newMem.OpenMem Suc, szNewMem:Local\sgime_skin.Dpi144.v21.filemap.sogouime
[35260:52304:0812/010414.941:WARNING:t_skinfilemap.cpp(65)] SGRenderLog:CheckUpdate finish: old version:21
[35260:52304:0812/010414.941:WARNING:t_skinfilemap.cpp(67)] SGRenderLog:CheckUpdate finish: new version:21
[36780:32508:0812/010414.941:WARNING:t_skinfilemap.cpp(63)] SGRenderLog:CheckUpdate newMem.OpenMem Suc, szNewMem:Local\sgime_skin.Dpi144.v21.filemap.sogouime
[36780:32508:0812/010414.941:WARNING:t_skinfilemap.cpp(65)] SGRenderLog:CheckUpdate finish: old version:21
[36780:32508:0812/010414.941:WARNING:t_skinfilemap.cpp(67)] SGRenderLog:CheckUpdate finish: new version:21
[51060:4428:0812/010415.852:WARNING:kernel_parameter_setter.cc(150)] [KernelParameterSetter] NotifyDoublePinyinSchemeChanged failed, scheme=Sogou status=1
[51060:4428:0812/010415.853:WARNING:t_skinfilemap.cpp(56)] SGRenderLog:CheckUpdate newMem.OpenMem failed, szNewMem:Local\sgime_skin.v21.filemap.sogouime err:系统错误2: 系统找不到指定的文件。  
打开Filemap失败: Local\sgime_skin.v21.filemap.sogouime477741e1107
[51060:4428:0812/010415.853:WARNING:t_skinfilemap.cpp(65)] SGRenderLog:CheckUpdate finish: old version:1
[51060:4428:0812/010415.853:WARNING:t_skinfilemap.cpp(67)] SGRenderLog:CheckUpdate finish: new version:21
[51060:4428:0812/010415.896:WARNING:t_skinfilemap.cpp(63)] SGRenderLog:CheckUpdate newMem.OpenMem Suc, szNewMem:Local\sgime_skin.Dpi144.v21.filemap.sogouime
[51060:4428:0812/010415.896:WARNING:t_skinfilemap.cpp(65)] SGRenderLog:CheckUpdate finish: old version:21
[51060:4428:0812/010415.896:WARNING:t_skinfilemap.cpp(67)] SGRenderLog:CheckUpdate finish: new version:21
[43788:58576:0812/010418.679:WARNING:kernel_parameter_setter.cc(150)] [KernelParameterSetter] NotifyDoublePinyinSchemeChanged failed, scheme=Sogou status=1
[43788:58576:0812/010418.679:WARNING:t_skinfilemap.cpp(56)] SGRenderLog:CheckUpdate newMem.OpenMem failed, szNewMem:Local\sgime_skin.v21.filemap.sogouime err:系统错误2: 系统找不到指定的文件。  
打开Filemap失败: Local\sgime_skin.v21.filemap.sogouime477741e1107
[43788:58576:0812/010418.679:WARNING:t_skinfilemap.cpp(65)] SGRenderLog:CheckUpdate finish: old version:1
[43788:58576:0812/010418.679:WARNING:t_skinfilemap.cpp(67)] SGRenderLog:CheckUpdate finish: new version:21
[43788:58576:0812/010418.706:WARNING:t_skinfilemap.cpp(63)] SGRenderLog:CheckUpdate newMem.OpenMem Suc, szNewMem:Local\sgime_skin.Dpi144.v21.filemap.sogouime
[43788:58576:0812/010418.706:WARNING:t_skinfilemap.cpp(65)] SGRenderLog:CheckUpdate finish: old version:21
[43788:58576:0812/010418.706:WARNING:t_skinfilemap.cpp(67)] SGRenderLog:CheckUpdate finish: new version:21
[66504:46256:0812/010420.965:WARNING:kernel_parameter_setter.cc(150)] [KernelParameterSetter] NotifyDoublePinyinSchemeChanged failed, scheme=Sogou status=1
[66504:46256:0812/010420.965:WARNING:t_skinfilemap.cpp(56)] SGRenderLog:CheckUpdate newMem.OpenMem failed, szNewMem:Local\sgime_skin.v21.filemap.sogouime err:系统错误2: 系统找不到指定的文件。  
打开Filemap失败: Local\sgime_skin.v21.filemap.sogouime477741e1107
[66504:46256:0812/010420.965:WARNING:t_skinfilemap.cpp(65)] SGRenderLog:CheckUpdate finish: old version:1
[66504:46256:0812/010420.965:WARNING:t_skinfilemap.cpp(67)] SGRenderLog:CheckUpdate finish: new version:21
[66504:46256:0812/010421.166:WARNING:t_skinfilemap.cpp(63)] SGRenderLog:CheckUpdate newMem.OpenMem Suc, szNewMem:Local\sgime_skin.Dpi144.v21.filemap.sogouime
[66504:46256:0812/010421.166:WARNING:t_skinfilemap.cpp(65)] SGRenderLog:CheckUpdate finish: old version:21
[66504:46256:0812/010421.166:WARNING:t_skinfilemap.cpp(67)] SGRenderLog:CheckUpdate finish: new version:21
[5352:20176:0812/010421.692:WARNING:kernel_parameter_setter.cc(150)] [KernelParameterSetter] NotifyDoublePinyinSchemeChanged failed, scheme=Sogou status=1
[5352:20176:0812/010421.693:WARNING:t_skinfilemap.cpp(56)] SGRenderLog:CheckUpdate newMem.OpenMem failed, szNewMem:Local\sgime_skin.v21.filemap.sogouime err:系统错误2: 系统找不到指定的文件。  
打开Filemap失败: Local\sgime_skin.v21.filemap.sogouime477741e1107
[5352:20176:0812/010421.693:WARNING:t_skinfilemap.cpp(65)] SGRenderLog:CheckUpdate finish: old version:1
[5352:20176:0812/010421.693:WARNING:t_skinfilemap.cpp(67)] SGRenderLog:CheckUpdate finish: new version:21
[5352:20176:0812/010421.724:WARNING:t_skinfilemap.cpp(63)] SGRenderLog:CheckUpdate newMem.OpenMem Suc, szNewMem:Local\sgime_skin.Dpi144.v21.filemap.sogouime
[5352:20176:0812/010421.724:WARNING:t_skinfilemap.cpp(65)] SGRenderLog:CheckUpdate finish: old version:21
[5352:20176:0812/010421.724:WARNING:t_skinfilemap.cpp(67)] SGRenderLog:CheckUpdate finish: new version:21
[67952:35788:0812/010425.166:WARNING:kernel_parameter_setter.cc(150)] [KernelParameterSetter] NotifyDoublePinyinSchemeChanged failed, scheme=Sogou status=1
[67952:35788:0812/010425.166:WARNING:t_skinfilemap.cpp(56)] SGRenderLog:CheckUpdate newMem.OpenMem failed, szNewMem:Local\sgime_skin.v21.filemap.sogouime err:系统错误2: 系统找不到指定的文件。  
打开Filemap失败: Local\sgime_skin.v21.filemap.sogouime477741e1107
[67952:35788:0812/010425.166:WARNING:t_skinfilemap.cpp(65)] SGRenderLog:CheckUpdate finish: old version:1
[67952:35788:0812/010425.166:WARNING:t_skinfilemap.cpp(67)] SGRenderLog:CheckUpdate finish: new version:21
[67952:35788:0812/010425.381:WARNING:t_skinfilemap.cpp(63)] SGRenderLog:CheckUpdate newMem.OpenMem Suc, szNewMem:Local\sgime_skin.Dpi144.v21.filemap.sogouime
[67952:35788:0812/010425.381:WARNING:t_skinfilemap.cpp(65)] SGRenderLog:CheckUpdate finish: old version:21
[67952:35788:0812/010425.381:WARNING:t_skinfilemap.cpp(67)] SGRenderLog:CheckUpdate finish: new version:21
[29220:50816:0812/010425.956:WARNING:kernel_parameter_setter.cc(150)] [KernelParameterSetter] NotifyDoublePinyinSchemeChanged failed, scheme=Sogou status=1
[29220:50816:0812/010425.956:WARNING:t_skinfilemap.cpp(56)] SGRenderLog:CheckUpdate newMem.OpenMem failed, szNewMem:Local\sgime_skin.v21.filemap.sogouime err:系统错误2: 系统找不到指定的文件。  
打开Filemap失败: Local\sgime_skin.v21.filemap.sogouime477741e1107
[29220:50816:0812/010425.956:WARNING:t_skinfilemap.cpp(65)] SGRenderLog:CheckUpdate finish: old version:1
[29220:50816:0812/010425.956:WARNING:t_skinfilemap.cpp(67)] SGRenderLog:CheckUpdate finish: new version:21
[16456:71688:0812/010425.963:WARNING:kernel_parameter_setter.cc(150)] [KernelParameterSetter] NotifyDoublePinyinSchemeChanged failed, scheme=Sogou status=1
[16456:71688:0812/010425.963:WARNING:t_skinfilemap.cpp(56)] SGRenderLog:CheckUpdate newMem.OpenMem failed, szNewMem:Local\sgime_skin.v21.filemap.sogouime err:系统错误2: 系统找不到指定的文件。  
打开Filemap失败: Local\sgime_skin.v21.filemap.sogouime477741e1107
[16456:71688:0812/010425.963:WARNING:t_skinfilemap.cpp(65)] SGRenderLog:CheckUpdate finish: old version:1
[16456:71688:0812/010425.963:WARNING:t_skinfilemap.cpp(67)] SGRenderLog:CheckUpdate finish: new version:21
[29220:50816:0812/010425.993:WARNING:t_skinfilemap.cpp(63)] SGRenderLog:CheckUpdate newMem.OpenMem Suc, szNewMem:Local\sgime_skin.Dpi144.v21.filemap.sogouime
[29220:50816:0812/010425.993:WARNING:t_skinfilemap.cpp(65)] SGRenderLog:CheckUpdate finish: old version:21
[29220:50816:0812/010425.993:WARNING:t_skinfilemap.cpp(67)] SGRenderLog:CheckUpdate finish: new version:21
[16456:71688:0812/010425.993:WARNING:t_skinfilemap.cpp(63)] SGRenderLog:CheckUpdate newMem.OpenMem Suc, szNewMem:Local\sgime_skin.Dpi144.v21.filemap.sogouime
[16456:71688:0812/010425.993:WARNING:t_skinfilemap.cpp(65)] SGRenderLog:CheckUpdate finish: old version:21
[16456:71688:0812/010425.993:WARNING:t_skinfilemap.cpp(67)] SGRenderLog:CheckUpdate finish: new version:21
[36480:58592:0812/010428.536:WARNING:kernel_parameter_setter.cc(150)] [KernelParameterSetter] NotifyDoublePinyinSchemeChanged failed, scheme=Sogou status=1
[36480:58592:0812/010428.536:WARNING:t_skinfilemap.cpp(56)] SGRenderLog:CheckUpdate newMem.OpenMem failed, szNewMem:Local\sgime_skin.v21.filemap.sogouime err:系统错误2: 系统找不到指定的文件。  
打开Filemap失败: Local\sgime_skin.v21.filemap.sogouime477741e1107
[36480:58592:0812/010428.536:WARNING:t_skinfilemap.cpp(65)] SGRenderLog:CheckUpdate finish: old version:1
[36480:58592:0812/010428.536:WARNING:t_skinfilemap.cpp(67)] SGRenderLog:CheckUpdate finish: new version:21
[36480:58592:0812/010428.574:WARNING:t_skinfilemap.cpp(63)] SGRenderLog:CheckUpdate newMem.OpenMem Suc, szNewMem:Local\sgime_skin.Dpi144.v21.filemap.sogouime
[36480:58592:0812/010428.574:WARNING:t_skinfilemap.cpp(65)] SGRenderLog:CheckUpdate finish: old version:21
[36480:58592:0812/010428.574:WARNING:t_skinfilemap.cpp(67)] SGRenderLog:CheckUpdate finish: new version:21
[58652:36100:0812/010428.700:WARNING:kernel_parameter_setter.cc(150)] [KernelParameterSetter] NotifyDoublePinyinSchemeChanged failed, scheme=Sogou status=1
[58652:36100:0812/010428.700:WARNING:t_skinfilemap.cpp(56)] SGRenderLog:CheckUpdate newMem.OpenMem failed, szNewMem:Local\sgime_skin.v21.filemap.sogouime err:系统错误2: 系统找不到指定的文件。  
打开Filemap失败: Local\sgime_skin.v21.filemap.sogouime477741e1107
[58652:36100:0812/010428.700:WARNING:t_skinfilemap.cpp(65)] SGRenderLog:CheckUpdate finish: old version:1
[58652:36100:0812/010428.700:WARNING:t_skinfilemap.cpp(67)] SGRenderLog:CheckUpdate finish: new version:21
[58652:36100:0812/010428.729:WARNING:t_skinfilemap.cpp(63)] SGRenderLog:CheckUpdate newMem.OpenMem Suc, szNewMem:Local\sgime_skin.Dpi144.v21.filemap.sogouime
[58652:36100:0812/010428.729:WARNING:t_skinfilemap.cpp(65)] SGRenderLog:CheckUpdate finish: old version:21
[58652:36100:0812/010428.729:WARNING:t_skinfilemap.cpp(67)] SGRenderLog:CheckUpdate finish: new version:21
[40484:27372:0812/010430.277:WARNING:kernel_parameter_setter.cc(150)] [KernelParameterSetter] NotifyDoublePinyinSchemeChanged failed, scheme=Sogou status=1
[29808:27056:0812/010430.277:WARNING:kernel_parameter_setter.cc(150)] [KernelParameterSetter] NotifyDoublePinyinSchemeChanged failed, scheme=Sogou status=1
[40484:27372:0812/010430.278:WARNING:t_skinfilemap.cpp(56)] SGRenderLog:CheckUpdate newMem.OpenMem failed, szNewMem:Local\sgime_skin.v21.filemap.sogouime err:系统错误2: 系统找不到指定的文件。  
打开Filemap失败: Local\sgime_skin.v21.filemap.sogouime477741e1107
[40484:27372:0812/010430.278:WARNING:t_skinfilemap.cpp(65)] SGRenderLog:CheckUpdate finish: old version:1
[40484:27372:0812/010430.278:WARNING:t_skinfilemap.cpp(67)] SGRenderLog:CheckUpdate finish: new version:21
[29808:27056:0812/010430.278:WARNING:t_skinfilemap.cpp(56)] SGRenderLog:CheckUpdate newMem.OpenMem failed, szNewMem:Local\sgime_skin.v21.filemap.sogouime err:系统错误2: 系统找不到指定的文件。  
打开Filemap失败: Local\sgime_skin.v21.filemap.sogouime477741e1107
[29808:27056:0812/010430.278:WARNING:t_skinfilemap.cpp(65)] SGRenderLog:CheckUpdate finish: old version:1
[29808:27056:0812/010430.278:WARNING:t_skinfilemap.cpp(67)] SGRenderLog:CheckUpdate finish: new version:21
[55316:38424:0812/010430.340:WARNING:kernel_parameter_setter.cc(150)] [KernelParameterSetter] NotifyDoublePinyinSchemeChanged failed, scheme=Sogou status=1
[55316:38424:0812/010430.340:WARNING:t_skinfilemap.cpp(63)] SGRenderLog:CheckUpdate newMem.OpenMem Suc, szNewMem:Local\sgime_skin.v21.filemap.sogouime
[55316:38424:0812/010430.340:WARNING:t_skinfilemap.cpp(65)] SGRenderLog:CheckUpdate finish: old version:1
[55316:38424:0812/010430.340:WARNING:t_skinfilemap.cpp(67)] SGRenderLog:CheckUpdate finish: new version:21
[73680:65344:0812/010430.343:WARNING:kernel_parameter_setter.cc(150)] [KernelParameterSetter] NotifyDoublePinyinSchemeChanged failed, scheme=Sogou status=1
[73680:65344:0812/010430.343:WARNING:t_skinfilemap.cpp(63)] SGRenderLog:CheckUpdate newMem.OpenMem Suc, szNewMem:Local\sgime_skin.v21.filemap.sogouime
[73680:65344:0812/010430.343:WARNING:t_skinfilemap.cpp(65)] SGRenderLog:CheckUpdate finish: old version:1
[73680:65344:0812/010430.343:WARNING:t_skinfilemap.cpp(67)] SGRenderLog:CheckUpdate finish: new version:21
[29808:27056:0812/010430.353:WARNING:t_skinfilemap.cpp(63)] SGRenderLog:CheckUpdate newMem.OpenMem Suc, szNewMem:Local\sgime_skin.Dpi144.v21.filemap.sogouime
[29808:27056:0812/010430.353:WARNING:t_skinfilemap.cpp(65)] SGRenderLog:CheckUpdate finish: old version:21
[29808:27056:0812/010430.353:WARNING:t_skinfilemap.cpp(67)] SGRenderLog:CheckUpdate finish: new version:21
[40484:27372:0812/010430.355:WARNING:t_skinfilemap.cpp(63)] SGRenderLog:CheckUpdate newMem.OpenMem Suc, szNewMem:Local\sgime_skin.Dpi144.v21.filemap.sogouime
[40484:27372:0812/010430.355:WARNING:t_skinfilemap.cpp(65)] SGRenderLog:CheckUpdate finish: old version:21
[40484:27372:0812/010430.355:WARNING:t_skinfilemap.cpp(67)] SGRenderLog:CheckUpdate finish: new version:21
[73680:65344:0812/010430.401:WARNING:t_skinfilemap.cpp(63)] SGRenderLog:CheckUpdate newMem.OpenMem Suc, szNewMem:Local\sgime_skin.Dpi144.v21.filemap.sogouime
[73680:65344:0812/010430.401:WARNING:t_skinfilemap.cpp(65)] SGRenderLog:CheckUpdate finish: old version:21
[73680:65344:0812/010430.401:WARNING:t_skinfilemap.cpp(67)] SGRenderLog:CheckUpdate finish: new version:21
[55316:38424:0812/010430.401:WARNING:t_skinfilemap.cpp(63)] SGRenderLog:CheckUpdate newMem.OpenMem Suc, szNewMem:Local\sgime_skin.Dpi144.v21.filemap.sogouime
[55316:38424:0812/010430.403:WARNING:t_skinfilemap.cpp(65)] SGRenderLog:CheckUpdate finish: old version:21
[55316:38424:0812/010430.403:WARNING:t_skinfilemap.cpp(67)] SGRenderLog:CheckUpdate finish: new version:21
[19032:69272:0812/010432.375:WARNING:kernel_parameter_setter.cc(150)] [KernelParameterSetter] NotifyDoublePinyinSchemeChanged failed, scheme=Sogou status=1
[19032:69272:0812/010432.375:WARNING:t_skinfilemap.cpp(56)] SGRenderLog:CheckUpdate newMem.OpenMem failed, szNewMem:Local\sgime_skin.v21.filemap.sogouime err:系统错误2: 系统找不到指定的文件。  
打开Filemap失败: Local\sgime_skin.v21.filemap.sogouime477741e1107
[19032:69272:0812/010432.377:WARNING:t_skinfilemap.cpp(65)] SGRenderLog:CheckUpdate finish: old version:1
[19032:69272:0812/010432.377:WARNING:t_skinfilemap.cpp(67)] SGRenderLog:CheckUpdate finish: new version:21
[19032:69272:0812/010432.632:WARNING:t_skinfilemap.cpp(63)] SGRenderLog:CheckUpdate newMem.OpenMem Suc, szNewMem:Local\sgime_skin.Dpi144.v21.filemap.sogouime
[66196:75784:0812/010432.852:WARNING:kernel_parameter_setter.cc(150)] [KernelParameterSetter] NotifyDoublePinyinSchemeChanged failed, scheme=Sogou status=1
[19032:69272:0812/010433.010:WARNING:t_skinfilemap.cpp(65)] SGRenderLog:CheckUpdate finish: old version:21
[19032:69272:0812/010433.010:WARNING:t_skinfilemap.cpp(67)] SGRenderLog:CheckUpdate finish: new version:21
[66196:75784:0812/010433.010:WARNING:t_skinfilemap.cpp(56)] SGRenderLog:CheckUpdate newMem.OpenMem failed, szNewMem:Local\sgime_skin.v21.filemap.sogouime err:系统错误2: 系统找不到指定的文件。  
打开Filemap失败: Local\sgime_skin.v21.filemap.sogouime477741e1107
[66196:75784:0812/010433.010:WARNING:t_skinfilemap.cpp(65)] SGRenderLog:CheckUpdate finish: old version:1
[66196:75784:0812/010433.010:WARNING:t_skinfilemap.cpp(67)] SGRenderLog:CheckUpdate finish: new version:21
[66196:75784:0812/010433.121:WARNING:t_skinfilemap.cpp(63)] SGRenderLog:CheckUpdate newMem.OpenMem Suc, szNewMem:Local\sgime_skin.Dpi144.v21.filemap.sogouime
[66196:75784:0812/010433.121:WARNING:t_skinfilemap.cpp(65)] SGRenderLog:CheckUpdate finish: old version:21
[66196:75784:0812/010433.121:WARNING:t_skinfilemap.cpp(67)] SGRenderLog:CheckUpdate finish: new version:21
[17440:37728:0812/010434.206:WARNING:kernel_parameter_setter.cc(150)] [KernelParameterSetter] NotifyDoublePinyinSchemeChanged failed, scheme=Sogou status=1
[17440:37728:0812/010434.823:WARNING:t_skinfilemap.cpp(56)] SGRenderLog:CheckUpdate newMem.OpenMem failed, szNewMem:Local\sgime_skin.v21.filemap.sogouime err:系统错误2: 系统找不到指定的文件。  
打开Filemap失败: Local\sgime_skin.v21.filemap.sogouime477741e1107
[17440:37728:0812/010434.823:WARNING:t_skinfilemap.cpp(65)] SGRenderLog:CheckUpdate finish: old version:1
[17440:37728:0812/010434.823:WARNING:t_skinfilemap.cpp(67)] SGRenderLog:CheckUpdate finish: new version:21
[17440:37728:0812/010434.862:WARNING:t_skinfilemap.cpp(63)] SGRenderLog:CheckUpdate newMem.OpenMem Suc, szNewMem:Local\sgime_skin.Dpi144.v21.filemap.sogouime
[17440:37728:0812/010434.862:WARNING:t_skinfilemap.cpp(65)] SGRenderLog:CheckUpdate finish: old version:21
[17440:37728:0812/010434.862:WARNING:t_skinfilemap.cpp(67)] SGRenderLog:CheckUpdate finish: new version:21
[34296:31392:0812/010439.996:WARNING:kernel_parameter_setter.cc(150)] [KernelParameterSetter] NotifyDoublePinyinSchemeChanged failed, scheme=Sogou status=1
[34296:31392:0812/010439.997:WARNING:t_skinfilemap.cpp(56)] SGRenderLog:CheckUpdate newMem.OpenMem failed, szNewMem:Local\sgime_skin.v21.filemap.sogouime err:系统错误2: 系统找不到指定的文件。  
打开Filemap失败: Local\sgime_skin.v21.filemap.sogouime477741e1107
[34296:31392:0812/010439.997:WARNING:t_skinfilemap.cpp(65)] SGRenderLog:CheckUpdate finish: old version:1
[34296:31392:0812/010439.997:WARNING:t_skinfilemap.cpp(67)] SGRenderLog:CheckUpdate finish: new version:21
[42404:60684:0812/010439.998:WARNING:kernel_parameter_setter.cc(150)] [KernelParameterSetter] NotifyDoublePinyinSchemeChanged failed, scheme=Sogou status=1
[42404:60684:0812/010439.998:WARNING:t_skinfilemap.cpp(56)] SGRenderLog:CheckUpdate newMem.OpenMem failed, szNewMem:Local\sgime_skin.v21.filemap.sogouime err:系统错误2: 系统找不到指定的文件。  
打开Filemap失败: Local\sgime_skin.v21.filemap.sogouime477741e1107
[42404:60684:0812/010439.998:WARNING:t_skinfilemap.cpp(65)] SGRenderLog:CheckUpdate finish: old version:1
[42404:60684:0812/010439.998:WARNING:t_skinfilemap.cpp(67)] SGRenderLog:CheckUpdate finish: new version:21
[42404:60684:0812/010440.058:WARNING:t_skinfilemap.cpp(63)] SGRenderLog:CheckUpdate newMem.OpenMem Suc, szNewMem:Local\sgime_skin.Dpi144.v21.filemap.sogouime
[42404:60684:0812/010440.058:WARNING:t_skinfilemap.cpp(65)] SGRenderLog:CheckUpdate finish: old version:21
[42404:60684:0812/010440.058:WARNING:t_skinfilemap.cpp(67)] SGRenderLog:CheckUpdate finish: new version:21
[34296:31392:0812/010440.058:WARNING:t_skinfilemap.cpp(63)] SGRenderLog:CheckUpdate newMem.OpenMem Suc, szNewMem:Local\sgime_skin.Dpi144.v21.filemap.sogouime
[34296:31392:0812/010440.058:WARNING:t_skinfilemap.cpp(65)] SGRenderLog:CheckUpdate finish: old version:21
[34296:31392:0812/010440.058:WARNING:t_skinfilemap.cpp(67)] SGRenderLog:CheckUpdate finish: new version:21
[4532:42928:0812/013706.762:WARNING:kernel_parameter_setter.cc(150)] [KernelParameterSetter] NotifyDoublePinyinSchemeChanged failed, scheme=Sogou status=1
[4532:42928:0812/013706.762:WARNING:t_skinfilemap.cpp(56)] SGRenderLog:CheckUpdate newMem.OpenMem failed, szNewMem:Local\sgime_skin.v21.filemap.sogouime err:系统错误2: 系统找不到指定的文件。  
打开Filemap失败: Local\sgime_skin.v21.filemap.sogouime477741e1107
[4532:42928:0812/013706.762:WARNING:t_skinfilemap.cpp(65)] SGRenderLog:CheckUpdate finish: old version:1
[4532:42928:0812/013706.762:WARNING:t_skinfilemap.cpp(67)] SGRenderLog:CheckUpdate finish: new version:21
[4532:42928:0812/013706.799:WARNING:t_skinfilemap.cpp(63)] SGRenderLog:CheckUpdate newMem.OpenMem Suc, szNewMem:Local\sgime_skin.Dpi144.v21.filemap.sogouime
[4532:42928:0812/013706.799:WARNING:t_skinfilemap.cpp(65)] SGRenderLog:CheckUpdate finish: old version:21
[4532:42928:0812/013706.799:WARNING:t_skinfilemap.cpp(67)] SGRenderLog:CheckUpdate finish: new version:21
[43344:73888:0812/013736.681:WARNING:kernel_parameter_setter.cc(150)] [KernelParameterSetter] NotifyDoublePinyinSchemeChanged failed, scheme=Sogou status=1
[43344:73888:0812/013736.682:WARNING:t_skinfilemap.cpp(56)] SGRenderLog:CheckUpdate newMem.OpenMem failed, szNewMem:Local\sgime_skin.v21.filemap.sogouime err:系统错误2: 系统找不到指定的文件。  
打开Filemap失败: Local\sgime_skin.v21.filemap.sogouime477741e1107
[43344:73888:0812/013736.682:WARNING:t_skinfilemap.cpp(65)] SGRenderLog:CheckUpdate finish: old version:1
[43344:73888:0812/013736.682:WARNING:t_skinfilemap.cpp(67)] SGRenderLog:CheckUpdate finish: new version:21
[43344:73888:0812/013736.704:WARNING:t_skinfilemap.cpp(63)] SGRenderLog:CheckUpdate newMem.OpenMem Suc, szNewMem:Local\sgime_skin.Dpi144.v21.filemap.sogouime
[43344:73888:0812/013736.704:WARNING:t_skinfilemap.cpp(65)] SGRenderLog:CheckUpdate finish: old version:21
[43344:73888:0812/013736.704:WARNING:t_skinfilemap.cpp(67)] SGRenderLog:CheckUpdate finish: new version:21
[46244:69148:0812/013748.285:WARNING:kernel_parameter_setter.cc(150)] [KernelParameterSetter] NotifyDoublePinyinSchemeChanged failed, scheme=Sogou status=1
[46244:69148:0812/013748.286:WARNING:t_skinfilemap.cpp(56)] SGRenderLog:CheckUpdate newMem.OpenMem failed, szNewMem:Local\sgime_skin.v21.filemap.sogouime err:系统错误2: 系统找不到指定的文件。  
打开Filemap失败: Local\sgime_skin.v21.filemap.sogouime477741e1107
[46244:69148:0812/013748.286:WARNING:t_skinfilemap.cpp(65)] SGRenderLog:CheckUpdate finish: old version:1
[46244:69148:0812/013748.286:WARNING:t_skinfilemap.cpp(67)] SGRenderLog:CheckUpdate finish: new version:21
[46244:69148:0812/013748.308:WARNING:t_skinfilemap.cpp(63)] SGRenderLog:CheckUpdate newMem.OpenMem Suc, szNewMem:Local\sgime_skin.Dpi144.v21.filemap.sogouime
[46244:69148:0812/013748.308:WARNING:t_skinfilemap.cpp(65)] SGRenderLog:CheckUpdate finish: old version:21
[46244:69148:0812/013748.308:WARNING:t_skinfilemap.cpp(67)] SGRenderLog:CheckUpdate finish: new version:21
[14568:40084:0812/013812.458:WARNING:kernel_parameter_setter.cc(150)] [KernelParameterSetter] NotifyDoublePinyinSchemeChanged failed, scheme=Sogou status=1
[14568:40084:0812/013812.459:WARNING:t_skinfilemap.cpp(56)] SGRenderLog:CheckUpdate newMem.OpenMem failed, szNewMem:Local\sgime_skin.v21.filemap.sogouime err:系统错误2: 系统找不到指定的文件。  
打开Filemap失败: Local\sgime_skin.v21.filemap.sogouime477741e1107
[14568:40084:0812/013812.459:WARNING:t_skinfilemap.cpp(65)] SGRenderLog:CheckUpdate finish: old version:1
[14568:40084:0812/013812.459:WARNING:t_skinfilemap.cpp(67)] SGRenderLog:CheckUpdate finish: new version:21
[14568:40084:0812/013812.476:WARNING:t_skinfilemap.cpp(63)] SGRenderLog:CheckUpdate newMem.OpenMem Suc, szNewMem:Local\sgime_skin.Dpi144.v21.filemap.sogouime
[14568:40084:0812/013812.476:WARNING:t_skinfilemap.cpp(65)] SGRenderLog:CheckUpdate finish: old version:21
[14568:40084:0812/013812.476:WARNING:t_skinfilemap.cpp(67)] SGRenderLog:CheckUpdate finish: new version:21
[24528:68252:0812/013824.083:WARNING:kernel_parameter_setter.cc(150)] [KernelParameterSetter] NotifyDoublePinyinSchemeChanged failed, scheme=Sogou status=1
[24528:68252:0812/013824.084:WARNING:t_skinfilemap.cpp(56)] SGRenderLog:CheckUpdate newMem.OpenMem failed, szNewMem:Local\sgime_skin.v21.filemap.sogouime err:系统错误2: 系统找不到指定的文件。  
打开Filemap失败: Local\sgime_skin.v21.filemap.sogouime477741e1107
[24528:68252:0812/013824.085:WARNING:t_skinfilemap.cpp(65)] SGRenderLog:CheckUpdate finish: old version:1
[24528:68252:0812/013824.085:WARNING:t_skinfilemap.cpp(67)] SGRenderLog:CheckUpdate finish: new version:21
[24528:68252:0812/013824.103:WARNING:t_skinfilemap.cpp(63)] SGRenderLog:CheckUpdate newMem.OpenMem Suc, szNewMem:Local\sgime_skin.Dpi144.v21.filemap.sogouime
[24528:68252:0812/013824.103:WARNING:t_skinfilemap.cpp(65)] SGRenderLog:CheckUpdate finish: old version:21
[24528:68252:0812/013824.103:WARNING:t_skinfilemap.cpp(67)] SGRenderLog:CheckUpdate finish: new version:21
[72228:72520:0812/013836.428:WARNING:kernel_parameter_setter.cc(150)] [KernelParameterSetter] NotifyDoublePinyinSchemeChanged failed, scheme=Sogou status=1
[72228:72520:0812/013836.428:WARNING:t_skinfilemap.cpp(56)] SGRenderLog:CheckUpdate newMem.OpenMem failed, szNewMem:Local\sgime_skin.v21.filemap.sogouime err:系统错误2: 系统找不到指定的文件。  
打开Filemap失败: Local\sgime_skin.v21.filemap.sogouime477741e1107
[72228:72520:0812/013836.429:WARNING:t_skinfilemap.cpp(65)] SGRenderLog:CheckUpdate finish: old version:1
[72228:72520:0812/013836.429:WARNING:t_skinfilemap.cpp(67)] SGRenderLog:CheckUpdate finish: new version:21
[72228:72520:0812/013836.454:WARNING:t_skinfilemap.cpp(63)] SGRenderLog:CheckUpdate newMem.OpenMem Suc, szNewMem:Local\sgime_skin.Dpi144.v21.filemap.sogouime
[72228:72520:0812/013836.454:WARNING:t_skinfilemap.cpp(65)] SGRenderLog:CheckUpdate finish: old version:21
[72228:72520:0812/013836.454:WARNING:t_skinfilemap.cpp(67)] SGRenderLog:CheckUpdate finish: new version:21
[54612:33108:0812/013849.512:WARNING:kernel_parameter_setter.cc(150)] [KernelParameterSetter] NotifyDoublePinyinSchemeChanged failed, scheme=Sogou status=1
[54612:33108:0812/013849.512:WARNING:t_skinfilemap.cpp(56)] SGRenderLog:CheckUpdate newMem.OpenMem failed, szNewMem:Local\sgime_skin.v21.filemap.sogouime err:系统错误2: 系统找不到指定的文件。  
打开Filemap失败: Local\sgime_skin.v21.filemap.sogouime477741e1107
[54612:33108:0812/013849.512:WARNING:t_skinfilemap.cpp(65)] SGRenderLog:CheckUpdate finish: old version:1
[54612:33108:0812/013849.512:WARNING:t_skinfilemap.cpp(67)] SGRenderLog:CheckUpdate finish: new version:21
[54612:33108:0812/013849.531:WARNING:t_skinfilemap.cpp(63)] SGRenderLog:CheckUpdate newMem.OpenMem Suc, szNewMem:Local\sgime_skin.Dpi144.v21.filemap.sogouime
[54612:33108:0812/013849.531:WARNING:t_skinfilemap.cpp(65)] SGRenderLog:CheckUpdate finish: old version:21
[54612:33108:0812/013849.531:WARNING:t_skinfilemap.cpp(67)] SGRenderLog:CheckUpdate finish: new version:21
[58248:16040:0812/013902.362:WARNING:kernel_parameter_setter.cc(150)] [KernelParameterSetter] NotifyDoublePinyinSchemeChanged failed, scheme=Sogou status=1
[58248:16040:0812/013902.362:WARNING:t_skinfilemap.cpp(56)] SGRenderLog:CheckUpdate newMem.OpenMem failed, szNewMem:Local\sgime_skin.v21.filemap.sogouime err:系统错误2: 系统找不到指定的文件。  
打开Filemap失败: Local\sgime_skin.v21.filemap.sogouime477741e1107
[58248:16040:0812/013902.362:WARNING:t_skinfilemap.cpp(65)] SGRenderLog:CheckUpdate finish: old version:1
[58248:16040:0812/013902.362:WARNING:t_skinfilemap.cpp(67)] SGRenderLog:CheckUpdate finish: new version:21
[58248:16040:0812/013902.387:WARNING:t_skinfilemap.cpp(63)] SGRenderLog:CheckUpdate newMem.OpenMem Suc, szNewMem:Local\sgime_skin.Dpi144.v21.filemap.sogouime
[58248:16040:0812/013902.387:WARNING:t_skinfilemap.cpp(65)] SGRenderLog:CheckUpdate finish: old version:21
[58248:16040:0812/013902.387:WARNING:t_skinfilemap.cpp(67)] SGRenderLog:CheckUpdate finish: new version:21
[44860:61784:0812/024124.625:WARNING:kernel_parameter_setter.cc(150)] [KernelParameterSetter] NotifyDoublePinyinSchemeChanged failed, scheme=Sogou status=1
[44860:61784:0812/024124.627:WARNING:t_skinfilemap.cpp(56)] SGRenderLog:CheckUpdate newMem.OpenMem failed, szNewMem:Local\sgime_skin.v21.filemap.sogouime err:系统错误2: 系统找不到指定的文件。  
打开Filemap失败: Local\sgime_skin.v21.filemap.sogouime477741e1107
[44860:61784:0812/024124.627:WARNING:t_skinfilemap.cpp(65)] SGRenderLog:CheckUpdate finish: old version:1
[44860:61784:0812/024124.627:WARNING:t_skinfilemap.cpp(67)] SGRenderLog:CheckUpdate finish: new version:21
[44860:61784:0812/024124.662:WARNING:t_skinfilemap.cpp(63)] SGRenderLog:CheckUpdate newMem.OpenMem Suc, szNewMem:Local\sgime_skin.Dpi144.v21.filemap.sogouime
[44860:61784:0812/024124.662:WARNING:t_skinfilemap.cpp(65)] SGRenderLog:CheckUpdate finish: old version:21
[44860:61784:0812/024124.662:WARNING:t_skinfilemap.cpp(67)] SGRenderLog:CheckUpdate finish: new version:21
[65452:71524:0812/055621.160:WARNING:kernel_parameter_setter.cc(150)] [KernelParameterSetter] NotifyDoublePinyinSchemeChanged failed, scheme=Sogou status=1
[65452:71524:0812/055621.160:WARNING:t_skinfilemap.cpp(56)] SGRenderLog:CheckUpdate newMem.OpenMem failed, szNewMem:Local\sgime_skin.v21.filemap.sogouime err:系统错误2: 系统找不到指定的文件。  
打开Filemap失败: Local\sgime_skin.v21.filemap.sogouime477741e1107
[65452:71524:0812/055621.160:WARNING:t_skinfilemap.cpp(65)] SGRenderLog:CheckUpdate finish: old version:1
[65452:71524:0812/055621.160:WARNING:t_skinfilemap.cpp(67)] SGRenderLog:CheckUpdate finish: new version:21
[65452:71524:0812/055621.218:WARNING:t_skinfilemap.cpp(63)] SGRenderLog:CheckUpdate newMem.OpenMem Suc, szNewMem:Local\sgime_skin.Dpi144.v21.filemap.sogouime
[65452:71524:0812/055621.218:WARNING:t_skinfilemap.cpp(65)] SGRenderLog:CheckUpdate finish: old version:21
[65452:71524:0812/055621.218:WARNING:t_skinfilemap.cpp(67)] SGRenderLog:CheckUpdate finish: new version:21
[72776:29656:0812/055636.941:WARNING:kernel_parameter_setter.cc(150)] [KernelParameterSetter] NotifyDoublePinyinSchemeChanged failed, scheme=Sogou status=1
[72776:29656:0812/055636.941:WARNING:t_skinfilemap.cpp(56)] SGRenderLog:CheckUpdate newMem.OpenMem failed, szNewMem:Local\sgime_skin.v21.filemap.sogouime err:系统错误2: 系统找不到指定的文件。  
打开Filemap失败: Local\sgime_skin.v21.filemap.sogouime477741e1107
[72776:29656:0812/055636.941:WARNING:t_skinfilemap.cpp(65)] SGRenderLog:CheckUpdate finish: old version:1
[72776:29656:0812/055636.941:WARNING:t_skinfilemap.cpp(67)] SGRenderLog:CheckUpdate finish: new version:21
[72776:29656:0812/055636.961:WARNING:t_skinfilemap.cpp(63)] SGRenderLog:CheckUpdate newMem.OpenMem Suc, szNewMem:Local\sgime_skin.Dpi144.v21.filemap.sogouime
[72776:29656:0812/055636.961:WARNING:t_skinfilemap.cpp(65)] SGRenderLog:CheckUpdate finish: old version:21
[72776:29656:0812/055636.961:WARNING:t_skinfilemap.cpp(67)] SGRenderLog:CheckUpdate finish: new version:21
[24960:24620:0812/055649.138:WARNING:kernel_parameter_setter.cc(150)] [KernelParameterSetter] NotifyDoublePinyinSchemeChanged failed, scheme=Sogou status=1
[24960:24620:0812/055649.139:WARNING:t_skinfilemap.cpp(56)] SGRenderLog:CheckUpdate newMem.OpenMem failed, szNewMem:Local\sgime_skin.v21.filemap.sogouime err:系统错误2: 系统找不到指定的文件。  
打开Filemap失败: Local\sgime_skin.v21.filemap.sogouime477741e1107
[24960:24620:0812/055649.139:WARNING:t_skinfilemap.cpp(65)] SGRenderLog:CheckUpdate finish: old version:1
[24960:24620:0812/055649.139:WARNING:t_skinfilemap.cpp(67)] SGRenderLog:CheckUpdate finish: new version:21
[24960:24620:0812/055649.176:WARNING:t_skinfilemap.cpp(63)] SGRenderLog:CheckUpdate newMem.OpenMem Suc, szNewMem:Local\sgime_skin.Dpi144.v21.filemap.sogouime
[24960:24620:0812/055649.176:WARNING:t_skinfilemap.cpp(65)] SGRenderLog:CheckUpdate finish: old version:21
[24960:24620:0812/055649.176:WARNING:t_skinfilemap.cpp(67)] SGRenderLog:CheckUpdate finish: new version:21
[73600:63728:0812/131205.498:WARNING:kernel_parameter_setter.cc(150)] [KernelParameterSetter] NotifyDoublePinyinSchemeChanged failed, scheme=Sogou status=1
[73600:63728:0812/131205.500:WARNING:t_skinfilemap.cpp(56)] SGRenderLog:CheckUpdate newMem.OpenMem failed, szNewMem:Local\sgime_skin.v22.filemap.sogouime err:系统错误2: 系统找不到指定的文件。  
打开Filemap失败: Local\sgime_skin.v22.filemap.sogouime477741e1107
[73600:63728:0812/131205.500:WARNING:t_skinfilemap.cpp(65)] SGRenderLog:CheckUpdate finish: old version:1
[73600:63728:0812/131205.500:WARNING:t_skinfilemap.cpp(67)] SGRenderLog:CheckUpdate finish: new version:22
[73600:63728:0812/131205.543:WARNING:t_skinfilemap.cpp(56)] SGRenderLog:CheckUpdate newMem.OpenMem failed, szNewMem:Local\sgime_skin.Dpi144.v22.filemap.sogouime err:系统错误2: 系统找不到指定的文件。  
打开Filemap失败: Local\sgime_skin.Dpi144.v22.filemap.sogouime477741e1107
[73600:63728:0812/131205.543:WARNING:t_skinfilemap.cpp(65)] SGRenderLog:CheckUpdate finish: old version:22
[73600:63728:0812/131205.543:WARNING:t_skinfilemap.cpp(67)] SGRenderLog:CheckUpdate finish: new version:22
[24100:9920:0812/131217.564:WARNING:kernel_parameter_setter.cc(150)] [KernelParameterSetter] NotifyDoublePinyinSchemeChanged failed, scheme=Sogou status=1
[24100:9920:0812/131217.564:WARNING:t_skinfilemap.cpp(56)] SGRenderLog:CheckUpdate newMem.OpenMem failed, szNewMem:Local\sgime_skin.v22.filemap.sogouime err:系统错误2: 系统找不到指定的文件。  
打开Filemap失败: Local\sgime_skin.v22.filemap.sogouime477741e1107
[24100:9920:0812/131217.564:WARNING:t_skinfilemap.cpp(65)] SGRenderLog:CheckUpdate finish: old version:1
[24100:9920:0812/131217.564:WARNING:t_skinfilemap.cpp(67)] SGRenderLog:CheckUpdate finish: new version:22
[24100:9920:0812/131217.584:WARNING:t_skinfilemap.cpp(56)] SGRenderLog:CheckUpdate newMem.OpenMem failed, szNewMem:Local\sgime_skin.Dpi144.v22.filemap.sogouime err:系统错误2: 系统找不到指定的文件。  
打开Filemap失败: Local\sgime_skin.Dpi144.v22.filemap.sogouime477741e1107
[24100:9920:0812/131217.584:WARNING:t_skinfilemap.cpp(65)] SGRenderLog:CheckUpdate finish: old version:22
[24100:9920:0812/131217.584:WARNING:t_skinfilemap.cpp(67)] SGRenderLog:CheckUpdate finish: new version:22
[45996:32896:0812/131228.875:WARNING:kernel_parameter_setter.cc(150)] [KernelParameterSetter] NotifyDoublePinyinSchemeChanged failed, scheme=Sogou status=1
[45996:32896:0812/131228.875:WARNING:t_skinfilemap.cpp(56)] SGRenderLog:CheckUpdate newMem.OpenMem failed, szNewMem:Local\sgime_skin.v22.filemap.sogouime err:系统错误2: 系统找不到指定的文件。  
打开Filemap失败: Local\sgime_skin.v22.filemap.sogouime477741e1107
[45996:32896:0812/131228.875:WARNING:t_skinfilemap.cpp(65)] SGRenderLog:CheckUpdate finish: old version:1
[45996:32896:0812/131228.875:WARNING:t_skinfilemap.cpp(67)] SGRenderLog:CheckUpdate finish: new version:22
[45996:32896:0812/131228.897:WARNING:t_skinfilemap.cpp(56)] SGRenderLog:CheckUpdate newMem.OpenMem failed, szNewMem:Local\sgime_skin.Dpi144.v22.filemap.sogouime err:系统错误2: 系统找不到指定的文件。  
打开Filemap失败: Local\sgime_skin.Dpi144.v22.filemap.sogouime477741e1107
[45996:32896:0812/131228.897:WARNING:t_skinfilemap.cpp(65)] SGRenderLog:CheckUpdate finish: old version:22
[45996:32896:0812/131228.897:WARNING:t_skinfilemap.cpp(67)] SGRenderLog:CheckUpdate finish: new version:22
[46364:74012:0812/131240.135:WARNING:kernel_parameter_setter.cc(150)] [KernelParameterSetter] NotifyDoublePinyinSchemeChanged failed, scheme=Sogou status=1
[46364:74012:0812/131240.136:WARNING:t_skinfilemap.cpp(56)] SGRenderLog:CheckUpdate newMem.OpenMem failed, szNewMem:Local\sgime_skin.v22.filemap.sogouime err:系统错误2: 系统找不到指定的文件。  
打开Filemap失败: Local\sgime_skin.v22.filemap.sogouime477741e1107
[46364:74012:0812/131240.136:WARNING:t_skinfilemap.cpp(65)] SGRenderLog:CheckUpdate finish: old version:1
[46364:74012:0812/131240.136:WARNING:t_skinfilemap.cpp(67)] SGRenderLog:CheckUpdate finish: new version:22
[46364:74012:0812/131240.174:WARNING:t_skinfilemap.cpp(56)] SGRenderLog:CheckUpdate newMem.OpenMem failed, szNewMem:Local\sgime_skin.Dpi144.v22.filemap.sogouime err:系统错误2: 系统找不到指定的文件。  
打开Filemap失败: Local\sgime_skin.Dpi144.v22.filemap.sogouime477741e1107
[46364:74012:0812/131240.174:WARNING:t_skinfilemap.cpp(65)] SGRenderLog:CheckUpdate finish: old version:22
[46364:74012:0812/131240.174:WARNING:t_skinfilemap.cpp(67)] SGRenderLog:CheckUpdate finish: new version:22
[47848:33068:0812/131252.014:WARNING:kernel_parameter_setter.cc(150)] [KernelParameterSetter] NotifyDoublePinyinSchemeChanged failed, scheme=Sogou status=1
[47848:33068:0812/131252.014:WARNING:t_skinfilemap.cpp(56)] SGRenderLog:CheckUpdate newMem.OpenMem failed, szNewMem:Local\sgime_skin.v22.filemap.sogouime err:系统错误2: 系统找不到指定的文件。  
打开Filemap失败: Local\sgime_skin.v22.filemap.sogouime477741e1107
[47848:33068:0812/131252.015:WARNING:t_skinfilemap.cpp(65)] SGRenderLog:CheckUpdate finish: old version:1
[47848:33068:0812/131252.015:WARNING:t_skinfilemap.cpp(67)] SGRenderLog:CheckUpdate finish: new version:22
[47848:33068:0812/131252.054:WARNING:t_skinfilemap.cpp(56)] SGRenderLog:CheckUpdate newMem.OpenMem failed, szNewMem:Local\sgime_skin.Dpi144.v22.filemap.sogouime err:系统错误2: 系统找不到指定的文件。  
打开Filemap失败: Local\sgime_skin.Dpi144.v22.filemap.sogouime477741e1107
[47848:33068:0812/131252.054:WARNING:t_skinfilemap.cpp(65)] SGRenderLog:CheckUpdate finish: old version:22
[47848:33068:0812/131252.054:WARNING:t_skinfilemap.cpp(67)] SGRenderLog:CheckUpdate finish: new version:22
[50724:23976:0812/131303.731:WARNING:kernel_parameter_setter.cc(150)] [KernelParameterSetter] NotifyDoublePinyinSchemeChanged failed, scheme=Sogou status=1
[50724:23976:0812/131303.732:WARNING:t_skinfilemap.cpp(56)] SGRenderLog:CheckUpdate newMem.OpenMem failed, szNewMem:Local\sgime_skin.v22.filemap.sogouime err:系统错误2: 系统找不到指定的文件。  
打开Filemap失败: Local\sgime_skin.v22.filemap.sogouime477741e1107
[50724:23976:0812/131303.732:WARNING:t_skinfilemap.cpp(65)] SGRenderLog:CheckUpdate finish: old version:1
[50724:23976:0812/131303.732:WARNING:t_skinfilemap.cpp(67)] SGRenderLog:CheckUpdate finish: new version:22
[50724:23976:0812/131303.761:WARNING:t_skinfilemap.cpp(56)] SGRenderLog:CheckUpdate newMem.OpenMem failed, szNewMem:Local\sgime_skin.Dpi144.v22.filemap.sogouime err:系统错误2: 系统找不到指定的文件。  
打开Filemap失败: Local\sgime_skin.Dpi144.v22.filemap.sogouime477741e1107
[50724:23976:0812/131303.761:WARNING:t_skinfilemap.cpp(65)] SGRenderLog:CheckUpdate finish: old version:22
[50724:23976:0812/131303.761:WARNING:t_skinfilemap.cpp(67)] SGRenderLog:CheckUpdate finish: new version:22
[12852:54912:0812/131315.102:WARNING:kernel_parameter_setter.cc(150)] [KernelParameterSetter] NotifyDoublePinyinSchemeChanged failed, scheme=Sogou status=1
[12852:54912:0812/131315.102:WARNING:t_skinfilemap.cpp(56)] SGRenderLog:CheckUpdate newMem.OpenMem failed, szNewMem:Local\sgime_skin.v22.filemap.sogouime err:系统错误2: 系统找不到指定的文件。  
打开Filemap失败: Local\sgime_skin.v22.filemap.sogouime477741e1107
[12852:54912:0812/131315.102:WARNING:t_skinfilemap.cpp(65)] SGRenderLog:CheckUpdate finish: old version:1
[12852:54912:0812/131315.102:WARNING:t_skinfilemap.cpp(67)] SGRenderLog:CheckUpdate finish: new version:22
[12852:54912:0812/131315.129:WARNING:t_skinfilemap.cpp(56)] SGRenderLog:CheckUpdate newMem.OpenMem failed, szNewMem:Local\sgime_skin.Dpi144.v22.filemap.sogouime err:系统错误2: 系统找不到指定的文件。  
打开Filemap失败: Local\sgime_skin.Dpi144.v22.filemap.sogouime477741e1107
[12852:54912:0812/131315.129:WARNING:t_skinfilemap.cpp(65)] SGRenderLog:CheckUpdate finish: old version:22
[12852:54912:0812/131315.129:WARNING:t_skinfilemap.cpp(67)] SGRenderLog:CheckUpdate finish: new version:22
[44720:27600:0812/131327.379:WARNING:kernel_parameter_setter.cc(150)] [KernelParameterSetter] NotifyDoublePinyinSchemeChanged failed, scheme=Sogou status=1
[44720:27600:0812/131327.380:WARNING:t_skinfilemap.cpp(56)] SGRenderLog:CheckUpdate newMem.OpenMem failed, szNewMem:Local\sgime_skin.v22.filemap.sogouime err:系统错误2: 系统找不到指定的文件。  
打开Filemap失败: Local\sgime_skin.v22.filemap.sogouime477741e1107
[44720:27600:0812/131327.380:WARNING:t_skinfilemap.cpp(65)] SGRenderLog:CheckUpdate finish: old version:1
[44720:27600:0812/131327.380:WARNING:t_skinfilemap.cpp(67)] SGRenderLog:CheckUpdate finish: new version:22
[44720:27600:0812/131327.433:WARNING:t_skinfilemap.cpp(56)] SGRenderLog:CheckUpdate newMem.OpenMem failed, szNewMem:Local\sgime_skin.Dpi144.v22.filemap.sogouime err:系统错误2: 系统找不到指定的文件。  
打开Filemap失败: Local\sgime_skin.Dpi144.v22.filemap.sogouime477741e1107
[44720:27600:0812/131327.433:WARNING:t_skinfilemap.cpp(65)] SGRenderLog:CheckUpdate finish: old version:22
[44720:27600:0812/131327.433:WARNING:t_skinfilemap.cpp(67)] SGRenderLog:CheckUpdate finish: new version:22
[7916:31720:0812/131339.418:WARNING:kernel_parameter_setter.cc(150)] [KernelParameterSetter] NotifyDoublePinyinSchemeChanged failed, scheme=Sogou status=1
[7916:31720:0812/131339.418:WARNING:t_skinfilemap.cpp(56)] SGRenderLog:CheckUpdate newMem.OpenMem failed, szNewMem:Local\sgime_skin.v22.filemap.sogouime err:系统错误2: 系统找不到指定的文件。  
打开Filemap失败: Local\sgime_skin.v22.filemap.sogouime477741e1107
[7916:31720:0812/131339.418:WARNING:t_skinfilemap.cpp(65)] SGRenderLog:CheckUpdate finish: old version:1
[7916:31720:0812/131339.418:WARNING:t_skinfilemap.cpp(67)] SGRenderLog:CheckUpdate finish: new version:22
[7916:31720:0812/131339.445:WARNING:t_skinfilemap.cpp(56)] SGRenderLog:CheckUpdate newMem.OpenMem failed, szNewMem:Local\sgime_skin.Dpi144.v22.filemap.sogouime err:系统错误2: 系统找不到指定的文件。  
打开Filemap失败: Local\sgime_skin.Dpi144.v22.filemap.sogouime477741e1107
[7916:31720:0812/131339.445:WARNING:t_skinfilemap.cpp(65)] SGRenderLog:CheckUpdate finish: old version:22
[7916:31720:0812/131339.445:WARNING:t_skinfilemap.cpp(67)] SGRenderLog:CheckUpdate finish: new version:22
[5572:30816:0812/131351.086:WARNING:kernel_parameter_setter.cc(150)] [KernelParameterSetter] NotifyDoublePinyinSchemeChanged failed, scheme=Sogou status=1
[5572:30816:0812/131351.086:WARNING:t_skinfilemap.cpp(56)] SGRenderLog:CheckUpdate newMem.OpenMem failed, szNewMem:Local\sgime_skin.v22.filemap.sogouime err:系统错误2: 系统找不到指定的文件。  
打开Filemap失败: Local\sgime_skin.v22.filemap.sogouime477741e1107
[5572:30816:0812/131351.086:WARNING:t_skinfilemap.cpp(65)] SGRenderLog:CheckUpdate finish: old version:1
[5572:30816:0812/131351.086:WARNING:t_skinfilemap.cpp(67)] SGRenderLog:CheckUpdate finish: new version:22
[5572:30816:0812/131351.130:WARNING:t_skinfilemap.cpp(56)] SGRenderLog:CheckUpdate newMem.OpenMem failed, szNewMem:Local\sgime_skin.Dpi144.v22.filemap.sogouime err:系统错误2: 系统找不到指定的文件。  
打开Filemap失败: Local\sgime_skin.Dpi144.v22.filemap.sogouime477741e1107
[5572:30816:0812/131351.130:WARNING:t_skinfilemap.cpp(65)] SGRenderLog:CheckUpdate finish: old version:22
[5572:30816:0812/131351.130:WARNING:t_skinfilemap.cpp(67)] SGRenderLog:CheckUpdate finish: new version:22
